INFO:__main__:running demo: /home/hassouna/cram-worktrees/cram-viz/coraplex/demos/coraplex_generated/_builder_scaffold.py
Unknown tag "material" in /robot[@name='apartment']/link[@name='coffe_machine']/collision[1]
Unknown attribute "type" in /robot[@name='pr2']/link[@name='base_laser_link']
Unknown attribute "type" in /robot[@name='pr2']/link[@name='wide_stereo_optical_frame']
Unknown attribute "type" in /robot[@name='pr2']/link[@name='narrow_stereo_optical_frame']
Unknown attribute "type" in /robot[@name='pr2']/link[@name='laser_tilt_link']
Unknown tag "material" in /robot[@name='pr2']/link[@name='l_force_torque_link']/collision[1]
INFO:cramera.live.bridge:attached to world (robot=PR2, 83 joints)
INFO:cramera.live.ros_markers:watching markers on /semworld/viz_marker, /coraplex/viz_marker
INFO:cramera.live.bridge:moved milk.stl -> world (0.973, 2.448, 0.086) [final=False]
Traceback (most recent call last):
  File "<frozen runpy>", line 198, in _run_module_as_main
  File "<frozen runpy>", line 88, in _run_code
  File "/home/hassouna/cram-worktrees/cram-viz/cramera/src/cramera/live/runner.py", line 175, in <module>
    main()
  File "/home/hassouna/cram-worktrees/cram-viz/cramera/src/cramera/live/runner.py", line 163, in main
    runpy.run_path(str(demo), run_name="__main__")
  File "<frozen runpy>", line 286, in run_path
  File "<frozen runpy>", line 98, in _run_module_code
  File "<frozen runpy>", line 88, in _run_code
  File "/home/hassouna/cram-worktrees/cram-viz/coraplex/demos/coraplex_generated/_builder_scaffold.py", line 99, in <module>
    plan.perform()
  File "/home/hassouna/cram-worktrees/cram-viz/coraplex/src/coraplex/plans/plan.py", line 265, in perform
    result = self.root.perform()
             ^^^^^^^^^^^^^^^^^^^
  File "/home/hassouna/cram-worktrees/cram-viz/coraplex/src/coraplex/plans/plan_node.py", line 327, in perform
    self.result = self.parse().execute()
                  ^^^^^^^^^^^^^^^^^^^^^^
  File "/home/hassouna/cram-worktrees/cram-viz/coraplex/src/coraplex/plans/executables.py", line 371, in execute
    self._execute_simulation()
  File "/home/hassouna/cram-worktrees/cram-viz/coraplex/src/coraplex/plans/executables.py", line 398, in _execute_simulation
    self._execute_simulation_batch()
  File "/home/hassouna/cram-worktrees/cram-viz/coraplex/src/coraplex/plans/executables.py", line 476, in _execute_simulation_batch
    self._execute_simulation_batch_with_contacts()
  File "/home/hassouna/cram-worktrees/cram-viz/coraplex/src/coraplex/plans/executables.py", line 511, in _execute_simulation_batch_with_contacts
    executor.tick()
  File "/home/hassouna/cram-worktrees/cram-viz/giskardpy/src/giskardpy/executor.py", line 200, in tick
    self.motion_statechart.tick(self.context)
  File "/home/hassouna/cram-worktrees/cram-viz/giskardpy/src/giskardpy/motion_statechart/motion_statechart.py", line 960, in tick
    self._update_observation_state(context)
  File "/home/hassouna/cram-worktrees/cram-viz/giskardpy/src/giskardpy/motion_statechart/motion_statechart.py", line 896, in _update_observation_state
    observation_overwrite = node.on_tick(context=context)
                            ^^^^^^^^^^^^^^^^^^^^^^^^^^^^^
  File "/home/hassouna/cram-worktrees/cram-viz/giskardpy/src/giskardpy/motion_statechart/goals/collision_avoidance.py", line 303, in on_tick
    raise CollisionViolatedError(
giskardpy.motion_statechart.exceptions.CollisionViolatedError: Violated collision constraints: 
('robot_1/base_link', 'milk.stl'): -0.14597182042576656 < 0.0

